../Core/Src/main.c:98:5:_write	24	static
../Core/Src/main.c:205:7:Cal_percent	16	static
../Core/Src/main.c:227:5:main	16	static
../Core/Src/main.c:355:6:SystemClock_Config	88	static
../Core/Src/main.c:402:13:MX_ADC1_Init	24	static
../Core/Src/main.c:454:13:MX_USART2_UART_Init	8	static
../Core/Src/main.c:489:13:MX_USART3_UART_Init	8	static
../Core/Src/main.c:524:13:MX_USART6_UART_Init	8	static
../Core/Src/main.c:557:13:MX_DMA_Init	16	static
../Core/Src/main.c:578:13:MX_GPIO_Init	56	static
../Core/Src/main.c:724:6:Error_Handler	4	static,ignoring_inline_asm
